[unicot-eval-molab 75ce794] checkpoint: unicot_native_v02_state_v2 2026-09-19T22:02:34Z
 10 files changed, 138 insertions(+)
 create mode 100644 logs/unicot_native_v02_state_v2.log
 create mode 100644 logs/unicot_native_v02_state_v2_git_sync.log
 create mode 100644 runs/unicot_native_v02_state_v2/PROVENANCE.txt
 create mode 100644 runs/unicot_native_v02_state_v2/RUN_STATUS_smoke.txt
 create mode 100644 runs/unicot_native_v02_state_v2/science/case_01/_done.ok
 create mode 100644 runs/unicot_native_v02_state_v2/science/case_01/model_image_01.png
 create mode 100644 runs/unicot_native_v02_state_v2/science/case_01/model_text.txt
 create mode 100644 runs/unicot_native_v02_state_v2/science/case_01/result.json
 create mode 100644 runs/unicot_native_v02_state_v2/science/manifest.csv
 create mode 100644 runs/unicot_native_v02_state_v2/science/summary.json
To https://github.com/mmertdalkilic/zebra_Cot-BAGEL-UniMMMU-test.git
   36a47c8..75ce794  HEAD -> unicot-eval-molab
[git-sync] 2026-09-19T22:18:26Z
[unicot-eval-molab 99e6f8d] checkpoint: unicot_native_v02_state_v2 2026-09-19T22:18:26Z
 12 files changed, 873 insertions(+), 31 deletions(-)
 delete mode 100644 runs/unicot_native_v02_state_v2/RUN_STATUS_smoke.txt
 create mode 100644 runs/unicot_native_v02_state_v2/jigsaw/ex_00000/model_image_01.png
 create mode 100644 runs/unicot_native_v02_state_v2/math/1_2__1/_done.ok
 create mode 100644 runs/unicot_native_v02_state_v2/math/1_2__1/model_image_01.png
 create mode 100644 runs/unicot_native_v02_state_v2/math/1_2__1/model_text.txt
 create mode 100644 runs/unicot_native_v02_state_v2/math/1_2__1/result.json
 create mode 100644 runs/unicot_native_v02_state_v2/math/manifest.csv
 create mode 100644 runs/unicot_native_v02_state_v2/math/summary.json
To https://github.com/mmertdalkilic/zebra_Cot-BAGEL-UniMMMU-test.git
   75ce794..99e6f8d  HEAD -> unicot-eval-molab
[git-sync] 2026-09-19T22:33:28Z
[unicot-eval-molab c393489] checkpoint: unicot_native_v02_state_v2 2026-09-19T22:33:28Z
 10 files changed, 1127 insertions(+)
 create mode 100644 runs/unicot_native_v02_state_v2/jigsaw/ex_00000/_done.ok
 create mode 100644 runs/unicot_native_v02_state_v2/jigsaw/ex_00000/model_image_02.png
 create mode 100644 runs/unicot_native_v02_state_v2/jigsaw/ex_00000/model_text.txt
 create mode 100644 runs/unicot_native_v02_state_v2/jigsaw/ex_00000/result.json
 create mode 100644 runs/unicot_native_v02_state_v2/jigsaw/summary.json
 create mode 100644 runs/unicot_native_v02_state_v2/maze/case_00001/cand_01/maze_step_0000_step_0001.png
 create mode 100644 runs/unicot_native_v02_state_v2/maze/case_00001/cand_01/maze_step_0000_step_0002.png
 create mode 100644 runs/unicot_native_v02_state_v2/maze/case_00001/cand_01/maze_step_0000_step_0003.png
Uploading LFS objects: 100% (2/2), 232 KB | 0 B/s, done.
To https://github.com/mmertdalkilic/zebra_Cot-BAGEL-UniMMMU-test.git
   99e6f8d..c393489  HEAD -> unicot-eval-molab
[git-sync] 2026-09-19T22:48:31Z
[unicot-eval-molab fc15f78] checkpoint: unicot_native_v02_state_v2 2026-09-19T22:48:31Z
 2 files changed, 1072 insertions(+)
To https://github.com/mmertdalkilic/zebra_Cot-BAGEL-UniMMMU-test.git
   c393489..fc15f78  HEAD -> unicot-eval-molab
[git-sync] 2026-09-19T23:03:33Z
[unicot-eval-molab 3edec79] checkpoint: unicot_native_v02_state_v2 2026-09-19T23:03:33Z
 3 files changed, 485 insertions(+), 1 deletion(-)
 create mode 100644 runs/unicot_native_v02_state_v2/maze/case_00001/cand_01/maze_step_0000_step_0004.png
Uploading LFS objects: 100% (1/1), 1.1 MB | 0 B/s, done.
To https://github.com/mmertdalkilic/zebra_Cot-BAGEL-UniMMMU-test.git
   fc15f78..3edec79  HEAD -> unicot-eval-molab
[git-sync] 2026-09-19T23:18:36Z
